<?xml version="1.0" encoding="utf-8"?>
<CoolpixRENGROUP 
xmlns:nc ="http://www.nikon.co.jp/imaging/coolpix/rengroup">
<header>
	<version>01.00</version>
	<creator>NikonCorp.</creator>
	<modelname>AW100</modelname>
	<datetime>2012-02-24T23:05:34.000+09:00</datetime>
	<firmversion>01.04</firmversion>
</header>
<rengroup ver="01.00">
<grouptotal>0014</grouptotal>
<grouplist>
	<set>
		<no>0001</no>
		<cnt>001</cnt>
		<flg>0</flg>
		<fpic>../dcim/100NIKON/DSCN1011.JPG</fpic>
		<lpic>../dcim/100NIKON/DSCN1011.JPG</lpic>
		<dpic>../dcim/100NIKON/DSCN1011.JPG</dpic>
	</set>
	<set>
		<no>0002</no>
		<cnt>001</cnt>
		<flg>0</flg>
		<fpic>../dcim/100NIKON/DSCN1012.JPG</fpic>
		<lpic>../dcim/100NIKON/DSCN1012.JPG</lpic>
		<dpic>../dcim/100NIKON/DSCN1012.JPG</dpic>
	</set>
	<set>
		<no>0003</no>
		<cnt>001</cnt>
		<flg>0</flg>
		<fpic>../dcim/100NIKON/DSCN1013.JPG</fpic>
		<lpic>../dcim/100NIKON/DSCN1013.JPG</lpic>
		<dpic>../dcim/100NIKON/DSCN1013.JPG</dpic>
	</set>
	<set>
		<no>0004</no>
		<cnt>001</cnt>
		<flg>0</flg>
		<fpic>../dcim/100NIKON/DSCN1014.JPG</fpic>
		<lpic>../dcim/100NIKON/DSCN1014.JPG</lpic>
		<dpic>../dcim/100NIKON/DSCN1014.JPG</dpic>
	</set>
	<set>
		<no>0005</no>
		<cnt>002</cnt>
		<flg>0</flg>
		<fpic>../dcim/100NIKON/DSCN1043.JPG</fpic>
		<lpic>../dcim/100NIKON/DSCN1044.JPG</lpic>
		<dpic>../dcim/100NIKON/DSCN1043.JPG</dpic>
	</set>
	<set>
		<no>0006</no>
		<cnt>003</cnt>
		<flg>0</flg>
		<fpic>../dcim/100NIKON/DSCN1045.JPG</fpic>
		<lpic>../dcim/100NIKON/DSCN1047.JPG</lpic>
		<dpic>../dcim/100NIKON/DSCN1045.JPG</dpic>
	</set>
	<set>
		<no>0007</no>
		<cnt>001</cnt>
		<flg>0</flg>
		<fpic>../dcim/100NIKON/DSCN1048.JPG</fpic>
		<lpic>../dcim/100NIKON/DSCN1048.JPG</lpic>
		<dpic>../dcim/100NIKON/DSCN1048.JPG</dpic>
	</set>
	<set>
		<no>0008</no>
		<cnt>035</cnt>
		<flg>0</flg>
		<fpic>../dcim/100NIKON/DSCN1049.JPG</fpic>
		<lpic>../dcim/100NIKON/DSCN1083.JPG</lpic>
		<dpic>../dcim/100NIKON/DSCN1049.JPG</dpic>
	</set>
	<set>
		<no>0009</no>
		<cnt>001</cnt>
		<flg>0</flg>
		<fpic>../dcim/100NIKON/DSCN1103.JPG</fpic>
		<lpic>../dcim/100NIKON/DSCN1103.JPG</lpic>
		<dpic>../dcim/100NIKON/DSCN1103.JPG</dpic>
	</set>
	<set>
		<no>0010</no>
		<cnt>001</cnt>
		<flg>0</flg>
		<fpic>../dcim/100NIKON/DSCN1104.JPG</fpic>
		<lpic>../dcim/100NIKON/DSCN1104.JPG</lpic>
		<dpic>../dcim/100NIKON/DSCN1104.JPG</dpic>
	</set>
	<set>
		<no>0011</no>
		<cnt>001</cnt>
		<flg>0</flg>
		<fpic>../dcim/100NIKON/DSCN1105.JPG</fpic>
		<lpic>../dcim/100NIKON/DSCN1105.JPG</lpic>
		<dpic>../dcim/100NIKON/DSCN1105.JPG</dpic>
	</set>
	<set>
		<no>0012</no>
		<cnt>001</cnt>
		<flg>0</flg>
		<fpic>../dcim/100NIKON/DSCN1106.JPG</fpic>
		<lpic>../dcim/100NIKON/DSCN1106.JPG</lpic>
		<dpic>../dcim/100NIKON/DSCN1106.JPG</dpic>
	</set>
	<set>
		<no>0013</no>
		<cnt>001</cnt>
		<flg>0</flg>
		<fpic>../dcim/100NIKON/DSCN1107.JPG</fpic>
		<lpic>../dcim/100NIKON/DSCN1107.JPG</lpic>
		<dpic>../dcim/100NIKON/DSCN1107.JPG</dpic>
	</set>
	<set>
		<no>0014</no>
		<cnt>001</cnt>
		<flg>0</flg>
		<fpic>../dcim/100NIKON/DSCN1108.JPG</fpic>
		<lpic>../dcim/100NIKON/DSCN1108.JPG</lpic>
		<dpic>../dcim/100NIKON/DSCN1108.JPG</dpic>
	</set>
</grouplist>
</rengroup>
</CoolpixRENGROUP>
